<html>
<body>
<pre>
<h1>µVision Build Log</h1>
<h2>Project:</h2>
C:\Keil\EE319Kware\ColLab\Lab2-3.uvproj
Project File Date:  02/11/2017

<h2>Output:</h2>
Build target 'Lab2-3'
linking...
Program Size: Code=1984 RO-data=240 RW-data=48 ZI-data=1080  
".\Lab2-3.axf" - 0 Error(s), 0 Warning(s).
</pre>
</body>
</html>
 "C:\\Keil\\EE319Kware\\ColLab\\Lab2-3.axf" 
Connecting: Mode=JTAG, Speed=1000000Hz
Connection failed!, error code=&d
Error: Flash Download failed  -  Target DLL has been cancelled
Load "C:\\Keil\\EE319Kware\\ColLab\\Lab2-3.axf" 
Connecting: Mode=JTAG, Speed=1000000Hz
Erase Done.
Programming Done.
Verify OK.
