


ARM Macro Assembler    Page 1 


    1 00000000         ;****************** main.s ***************
    2 00000000         ; Program written by: *Sebastian Guillen Vargas, Michael
                        Neimer*
    3 00000000         ; Date Created: 2/4/2017
    4 00000000         ; Last Modified: 2/4/2017
    5 00000000         ; Brief description of the program
    6 00000000         ;   The LED toggles at 8 Hz and a varying duty-cycle
    7 00000000         ; Hardware connections (External: One button and one LED
                       )
    8 00000000         ;  PE1 is Button input  (1 means pressed, 0 means not pr
                       essed)
    9 00000000         ;  PE0 is LED output (1 activates external9 LED on proto
                       board)
   10 00000000         ;  PF4 is builtin button SW1 on Launchpad (Internal) 
   11 00000000         ;        Negative Logic (0 means pressed, 1 means not pr
                       essed)
   12 00000000         ; Overall functionality of this system is to operate lik
                       e this
   13 00000000         ;   1) Make PE0 an output and make PE1 and PF4 inputs.
   14 00000000         ;   2) The system starts with the the LED toggling at 8H
                       z,
   15 00000000         ;      which is 8 times per second with a duty-cycle of 
                       20%.
   16 00000000         ;      Therefore, the LED is ON for (0.2*1/8)th of a sec
                       ond
   17 00000000         ;      and OFF for (0.8*1/8)th of a second.
   18 00000000         ;   3) When the button on (PE1) is pressed-and-released 
                       increase
   19 00000000         ;      the duty cycle by 20% (modulo 100%). Therefore fo
                       r each
   20 00000000         ;      press-and-release the duty cycle changes from 20%
                        to 40% to 60%
   21 00000000         ;      to 80% to 100%(ON) to 0%(Off) to 20% to 40% so on
                       
   22 00000000         ;   4) Implement a "breathing LED" when SW1 (PF4) on the
                        Launchpad is pressed:
   23 00000000         ;      a) Be creative and play around with what "breathi
                       ng" means.
   24 00000000         ;         An example of "breathing" is most computers po
                       wer LED in sleep mode
   25 00000000         ;         (e.g., https://www.youtube.com/watch?v=ZT6siXy
                       IjvQ).
   26 00000000         ;      b) When (PF4) is released while in breathing mode
                       , resume blinking at 8Hz.
   27 00000000         ;         The duty cycle can either match the most recen
                       t duty-
   28 00000000         ;         cycle or reset to 20%.
   29 00000000         ;      TIP: debugging the breathing LED algorithm and fe
                       el on the simulator is impossible.
   30 00000000         ; PortE device registers
   31 00000000 400243FC 
                       GPIO_PORTE_DATA_R
                               EQU              0x400243FC
   32 00000000 40024400 
                       GPIO_PORTE_DIR_R
                               EQU              0x40024400
   33 00000000 40024420 
                       GPIO_PORTE_AFSEL_R
                               EQU              0x40024420



ARM Macro Assembler    Page 2 


   34 00000000 4002451C 
                       GPIO_PORTE_DEN_R
                               EQU              0x4002451C
   35 00000000         ; PortF device registers
   36 00000000 400253FC 
                       GPIO_PORTF_DATA_R
                               EQU              0x400253FC
   37 00000000 40025400 
                       GPIO_PORTF_DIR_R
                               EQU              0x40025400
   38 00000000 40025420 
                       GPIO_PORTF_AFSEL_R
                               EQU              0x40025420
   39 00000000 40025510 
                       GPIO_PORTF_PUR_R
                               EQU              0x40025510
   40 00000000 4002551C 
                       GPIO_PORTF_DEN_R
                               EQU              0x4002551C
   41 00000000         
   42 00000000 001E8480 
                       TwentyOn
                               EQU              0x001E8480
   43 00000000 0007A120 
                       TwentyOff
                               EQU              0x0007A120
   44 00000000 400FE608 
                       SYSCTL_RCGCGPIO_R
                               EQU              0x400FE608
   45 00000000                 IMPORT           TExaS_Init
   46 00000000                 AREA             |.text|, CODE, READONLY, ALIGN=
2
   47 00000000                 THUMB
   48 00000000                 EXPORT           Start
   49 00000000         Start
   50 00000000         ; TExaS_Init sets bus clock at 80 MHz
   51 00000000 F7FF FFFE       BL               TExaS_Init  ; voltmeter, scope 
                                                            on PD3
   52 00000004 B662            CPSIE            I           ; TExaS voltmeter, 
                                                            scope runs on inter
                                                            rupts
   53 00000006         
   54 00000006         ;Initializing Port F;
   55 00000006 491A            LDR              R1, =SYSCTL_RCGCGPIO_R ; 1) act
                                                            ivate clock for Por
                                                            t F
   56 00000008 6808            LDR              R0, [R1]
   57 0000000A F040 0030       ORR              R0, R0, #0x30 ; set bit 5 to tu
                                                            rn on clock
   58 0000000E 6008            STR              R0, [R1]
   59 00000010 BF00            NOP
   60 00000012 BF00            NOP                          ; allow time for cl
                                                            ock to finish      
                                                            
   61 00000014 4917            LDR              R1, =GPIO_PORTF_DIR_R ; 5) set 
                                                            direction register
   62 00000016 F04F 0010       MOV              R0,#0x10    ; PF4 is input
   63 0000001A 6008            STR              R0, [R1]
   64 0000001C 4916            LDR              R1, =GPIO_PORTF_AFSEL_R ; 6) re



ARM Macro Assembler    Page 3 


                                                            gular port function
                                                            
   65 0000001E F04F 0000       MOV              R0, #0      ; 0 means disable a
                                                            lternate function 
   66 00000022 6008            STR              R0, [R1]
   67 00000024 4915            LDR              R1, =GPIO_PORTF_PUR_R ; pull-up
                                                             resistors for PF4,
                                                            PF0
   68 00000026 F04F 0010       MOV              R0, #0x10   ; enable weak pull-
                                                            up on PF0 and PF4
   69 0000002A 6008            STR              R0, [R1]
   70 0000002C 4914            LDR              R1, =GPIO_PORTF_DEN_R ; 7) enab
                                                            le Port F digital p
                                                            ort
   71 0000002E F04F 00FF       MOV              R0, #0xFF   ; 1 means enable di
                                                            gital I/O
   72 00000032 6008            STR              R0, [R1]
   73 00000034         
   74 00000034         ;Initializing Port E               
   75 00000034 4913            LDR              R1, =GPIO_PORTE_DIR_R ; 5) set 
                                                            direction register
   76 00000036 F04F 0001       MOV              R0,#0x01    ; PF4 is input
   77 0000003A 6008            STR              R0, [R1]
   78 0000003C 4912            LDR              R1, =GPIO_PORTE_AFSEL_R ; 6) re
                                                            gular port function
                                                            
   79 0000003E F04F 0000       MOV              R0, #0      ; 0 means disable a
                                                            lternate function 
   80 00000042 6008            STR              R0, [R1]
   81 00000044 4911            LDR              R1, =GPIO_PORTE_DEN_R ; 7) enab
                                                            le Port F digital p
                                                            ort
   82 00000046 F04F 00FF       MOV              R0, #0xFF   ; 1 means enable di
                                                            gital I/O
   83 0000004A 6008            STR              R0, [R1]
   84 0000004C         
   85 0000004C         loop
   86 0000004C         
   87 0000004C 4910    Twenty  LDR              R1, =GPIO_PORTE_DATA_R
   88 0000004E 4811            LDR              R0, =TwentyOn
   89 00000050 1E40    WtTwOn  SUBS             R0, R0, #1
   90 00000052 D1FD            BNE              WtTwOn
   91 00000054 6808            LDR              R0, [R1]
   92 00000056 F080 0001       EOR              R0, #0x01
   93 0000005A 6008            STR              R0, [R1]
   94 0000005C 480E            LDR              R0, =TwentyOff
   95 0000005E 1E40    WtTwOff SUBS             R0, R0, #1
   96 00000060 D1FD            BNE              WtTwOff
   97 00000062 6808            LDR              R0, [R1]
   98 00000064 F080 0001       EOR              R0, #0x01
   99 00000068 6008            STR              R0, [R1]
  100 0000006A E7EF            B                Twenty
  101 0000006C         
  102 0000006C         
  103 0000006C E7EE            B                loop
  104 0000006E         
  105 0000006E 00 00           ALIGN                        ; make sure the end
                                                             of this section is
                                                             aligned



ARM Macro Assembler    Page 4 


  106 00000070                 END                          ; end of file
              400FE608 
              40025400 
              40025420 
              40025510 
              4002551C 
              40024400 
              40024420 
              4002451C 
              400243FC 
              001E8480 
              0007A120 
Command Line: --debug --xref --cpu=Cortex-M4 --apcs=interwork --depend=.\main.d
 -o.\main.o -IC:\Keil\ARM\RV31\INC -IC:\Keil\ARM\CMSIS\Include -IC:\Keil\ARM\In
c\Luminary --predefine="__EVAL SETA 1" --list=.\main.lst main.s



ARM Macro Assembler    Page 1 Alphabetic symbol ordering
Relocatable symbols

.text 00000000

Symbol: .text
   Definitions
      At line 46 in file main.s
   Uses
      None
Comment: .text unused
Start 00000000

Symbol: Start
   Definitions
      At line 49 in file main.s
   Uses
      At line 48 in file main.s
Comment: Start used once
Twenty 0000004C

Symbol: Twenty
   Definitions
      At line 87 in file main.s
   Uses
      At line 100 in file main.s
Comment: Twenty used once
WtTwOff 0000005E

Symbol: WtTwOff
   Definitions
      At line 95 in file main.s
   Uses
      At line 96 in file main.s
Comment: WtTwOff used once
WtTwOn 00000050

Symbol: WtTwOn
   Definitions
      At line 89 in file main.s
   Uses
      At line 90 in file main.s
Comment: WtTwOn used once
loop 0000004C

Symbol: loop
   Definitions
      At line 85 in file main.s
   Uses
      At line 103 in file main.s
Comment: loop used once
6 symbols



ARM Macro Assembler    Page 1 Alphabetic symbol ordering
Absolute symbols

GPIO_PORTE_AFSEL_R 40024420

Symbol: GPIO_PORTE_AFSEL_R
   Definitions
      At line 33 in file main.s
   Uses
      At line 78 in file main.s
Comment: GPIO_PORTE_AFSEL_R used once
GPIO_PORTE_DATA_R 400243FC

Symbol: GPIO_PORTE_DATA_R
   Definitions
      At line 31 in file main.s
   Uses
      At line 87 in file main.s
Comment: GPIO_PORTE_DATA_R used once
GPIO_PORTE_DEN_R 4002451C

Symbol: GPIO_PORTE_DEN_R
   Definitions
      At line 34 in file main.s
   Uses
      At line 81 in file main.s
Comment: GPIO_PORTE_DEN_R used once
GPIO_PORTE_DIR_R 40024400

Symbol: GPIO_PORTE_DIR_R
   Definitions
      At line 32 in file main.s
   Uses
      At line 75 in file main.s
Comment: GPIO_PORTE_DIR_R used once
GPIO_PORTF_AFSEL_R 40025420

Symbol: GPIO_PORTF_AFSEL_R
   Definitions
      At line 38 in file main.s
   Uses
      At line 64 in file main.s
Comment: GPIO_PORTF_AFSEL_R used once
GPIO_PORTF_DATA_R 400253FC

Symbol: GPIO_PORTF_DATA_R
   Definitions
      At line 36 in file main.s
   Uses
      None
Comment: GPIO_PORTF_DATA_R unused
GPIO_PORTF_DEN_R 4002551C

Symbol: GPIO_PORTF_DEN_R
   Definitions
      At line 40 in file main.s
   Uses
      At line 70 in file main.s
Comment: GPIO_PORTF_DEN_R used once
GPIO_PORTF_DIR_R 40025400

Symbol: GPIO_PORTF_DIR_R



ARM Macro Assembler    Page 2 Alphabetic symbol ordering
Absolute symbols

   Definitions
      At line 37 in file main.s
   Uses
      At line 61 in file main.s
Comment: GPIO_PORTF_DIR_R used once
GPIO_PORTF_PUR_R 40025510

Symbol: GPIO_PORTF_PUR_R
   Definitions
      At line 39 in file main.s
   Uses
      At line 67 in file main.s
Comment: GPIO_PORTF_PUR_R used once
SYSCTL_RCGCGPIO_R 400FE608

Symbol: SYSCTL_RCGCGPIO_R
   Definitions
      At line 44 in file main.s
   Uses
      At line 55 in file main.s
Comment: SYSCTL_RCGCGPIO_R used once
TwentyOff 0007A120

Symbol: TwentyOff
   Definitions
      At line 43 in file main.s
   Uses
      At line 94 in file main.s
Comment: TwentyOff used once
TwentyOn 001E8480

Symbol: TwentyOn
   Definitions
      At line 42 in file main.s
   Uses
      At line 88 in file main.s
Comment: TwentyOn used once
12 symbols



ARM Macro Assembler    Page 1 Alphabetic symbol ordering
External symbols

TExaS_Init 00000000

Symbol: TExaS_Init
   Definitions
      At line 45 in file main.s
   Uses
      At line 51 in file main.s
Comment: TExaS_Init used once
1 symbol
352 symbols in table
